[www.harrisonlocks.com/index.html]
[backblue.gif]
[fade.gif]
[index.html]
[www.harrisonlocks.com/assets/images/1663676619fav.png]
[www.harrisonlocks.com/assets/front/css/plugins.min.css]
[www.harrisonlocks.com/assets/front/harrison/css/font-icons.min.css]
[www.harrisonlocks.com/assets/front/harrison/css/theme-vendors.min.css]
[www.harrisonlocks.com/assets/front/harrison/css/style.css]
[www.harrisonlocks.com/assets/front/harrison/css/responsive.css]
[www.harrisonlocks.com/assets/harrison/images/logo.png]
[www.harrisonlocks.com/corporate-overview.html]
[www.harrisonlocks.com/mission-vision.html]
[www.harrisonlocks.com/our-client.html]
[www.harrisonlocks.com/milestones.html]
[www.harrisonlocks.com/awards.html]
[www.harrisonlocks.com/become-a-dealer.html]
[www.harrisonlocks.com/architect-and-designer-connect.html]
[www.harrisonlocks.com/become-a-associate.html]
[www.harrisonlocks.com/gallery.html]
[www.harrisonlocks.com/videos.html]
[www.harrisonlocks.com/assets/harrison/images/slider-2.jpg]
[www.harrisonlocks.com/assets/harrison/images/slider-1.jpg]
[www.harrisonlocks.com/assets/images/mobile-slider-1.png]
[www.harrisonlocks.com/assets/images/mobile-slider-2.png]
[www.harrisonlocks.com/assets/harrison/images/about.jpg]
[www.harrisonlocks.com/assets/harrison/images/about1.jpg]
[www.harrisonlocks.com/assets/harrison/images/door-handle.jpg]
[www.harrisonlocks.com/assets/harrison/images/cabinet-pull-handles.jpg]
[www.harrisonlocks.com/assets/harrison/images/mortise-lock.jpg]
[www.harrisonlocks.com/assets/harrison/images/cylinders.jpg]
[www.harrisonlocks.com/assets/harrison/images/main-door-lock.jpg]
[www.harrisonlocks.com/assets/harrison/images/godwn-shutter.jpg]
[www.harrisonlocks.com/assets/harrison/images/home-interior-design-testimonial-img03.jpg]
[www.harrisonlocks.com/assets/harrison/images/home-interior-design-testimonial-img02.jpg]
[www.harrisonlocks.com/assets/harrison/images/premium-products/ball-bearing.jpg]
[www.harrisonlocks.com/assets/harrison/images/premium-products/caninet-handle.jpg]
[www.harrisonlocks.com/assets/harrison/images/premium-products/door-closer.jpg]
[www.harrisonlocks.com/assets/harrison/images/premium-products/door-handle.jpg]
[www.harrisonlocks.com/assets/harrison/images/premium-products/furniture-lock.jpg]
[www.harrisonlocks.com/assets/harrison/images/premium-products/handle-set.jpg]
[www.harrisonlocks.com/assets/harrison/images/premium-products/hydraulic-hinges.jpg]
[www.harrisonlocks.com/assets/harrison/images/premium-products/maindoor-lock.jpg]
[www.harrisonlocks.com/assets/harrison/images/premium-products/padlock.jpg]
[www.harrisonlocks.com/assets/harrison/images/premium-products/tower-bolt.jpg]
[www.harrisonlocks.com/assets/harrison/images/who-we-are-image-2.jpg]
[www.harrisonlocks.com/assets/harrison/images/feature-product/4-ball-bearing-butt-hinges.jpg]
[www.harrisonlocks.com/assets/harrison/images/feature-product/auto-close-concealed-hinges.jpg]
[www.harrisonlocks.com/assets/harrison/images/feature-product/center-shutter-lock.jpg]
[www.harrisonlocks.com/assets/harrison/images/feature-product/door-closer.jpg]
[www.harrisonlocks.com/assets/harrison/images/feature-product/door-handle.jpg]
[www.harrisonlocks.com/assets/harrison/images/feature-product/door-handle-set.jpg]
[www.harrisonlocks.com/assets/harrison/images/feature-product/door-stopper.jpg]
[www.harrisonlocks.com/assets/harrison/images/feature-product/main-door-lock.jpg]
[www.harrisonlocks.com/assets/harrison/images/feature-product/pad-lock.jpg]
[www.harrisonlocks.com/assets/harrison/images/feature-product/pro-soft-slide.jpg]
[www.harrisonlocks.com/assets/harrison/images/feature-product/screws.jpg]
[www.harrisonlocks.com/assets/harrison/images/feature-product/side-shutter-loc.jpg]
[www.harrisonlocks.com/assets/harrison/images/feature-product/soft-touch-lock.jpg]
[www.harrisonlocks.com/assets/harrison/images/home-blog-1.jpg]
[www.harrisonlocks.com/assets/harrison/images/home-blog-2.jpg]
[www.harrisonlocks.com/assets/harrison/images/home-blog-3.jpg]
[www.harrisonlocks.com/assets/harrison/images/lock-blur-bg.jpg]
[www.harrisonlocks.com/contact.html]
[www.harrisonlocks.com/career.html]
[www.harrisonlocks.com/privacy-policy.html]
[www.harrisonlocks.com/disclaimer.html]
[www.harrisonlocks.com/terms-and-conditions.html]
[www.harrisonlocks.com/refund-and-cancellation-policy.html]
[www.harrisonlocks.com/shipping-policy.html]
[www.harrisonlocks.com/assets/front/harrison/js/jquery.min.js]
[www.harrisonlocks.com/assets/front/harrison/js/main.js]
[www.harrisonlocks.com/assets/front/harrison/js/theme-vendors.min.js]
[www.harrisonlocks.com/assets/back/js/plugin/bootstrap-notify/bootstrap-notify.min.js]
[www.harrisonlocks.com/assets/front/js/lazy.min.js]
[www.harrisonlocks.com/assets/front/js/plugins.min.js]
[www.harrisonlocks.com/assets/front/js/lazy.plugin.js]
[www.harrisonlocks.com/assets/front/js/scripts.min.js]
[www.harrisonlocks.com/assets/front/js/myscript.js]
[www.harrisonlocks.com/index.html]
[www.harrisonlocks.com/assets/front/css/plugins.min.css]
[www.harrisonlocks.com/assets/front/harrison/fonts/fa-brands-400.eot]
[www.harrisonlocks.com/assets/front/harrison/fonts/fa-brands-400d41dd41dd41d.eot]
[www.harrisonlocks.com/assets/front/harrison/fonts/fa-brands-400.html]
[www.harrisonlocks.com/assets/front/harrison/fonts/fa-brands-400.woff]
[www.harrisonlocks.com/assets/front/harrison/fonts/fa-brands-400.ttf]
[www.harrisonlocks.com/assets/front/harrison/fonts/fa-regular-400.eot]
[www.harrisonlocks.com/assets/front/harrison/fonts/fa-regular-400d41dd41dd41d.eot]
[www.harrisonlocks.com/assets/front/harrison/fonts/fa-regular-400.html]
[www.harrisonlocks.com/assets/front/harrison/fonts/fa-regular-400.woff]
[www.harrisonlocks.com/assets/front/harrison/fonts/fa-regular-400.ttf]
[www.harrisonlocks.com/assets/front/harrison/fonts/fa-solid-900.eot]
[www.harrisonlocks.com/assets/front/harrison/fonts/fa-solid-900d41dd41dd41d.eot]
[www.harrisonlocks.com/assets/front/harrison/fonts/fa-solid-900.woff]
[www.harrisonlocks.com/assets/front/harrison/fonts/fa-solid-900.html]
[www.harrisonlocks.com/assets/front/harrison/fonts/fa-solid-900.ttf]
[www.harrisonlocks.com/assets/front/harrison/fonts/themify9f249f249f24.eot]
[www.harrisonlocks.com/assets/front/harrison/fonts/themifyd41dd41dd41d.eot]
[www.harrisonlocks.com/assets/front/harrison/fonts/themify9f249f249f24.woff]
[www.harrisonlocks.com/assets/front/harrison/fonts/themify9f249f249f24.ttf]
[www.harrisonlocks.com/assets/front/harrison/fonts/Simple-Line-Icons.eot]
[www.harrisonlocks.com/assets/front/harrison/fonts/Simple-Line-Iconsd41dd41dd41d.eot]
[www.harrisonlocks.com/assets/front/harrison/fonts/Simple-Line-Icons.woff]
[www.harrisonlocks.com/assets/front/harrison/fonts/Simple-Line-Icons.ttf]
[www.harrisonlocks.com/assets/front/harrison/fonts/et-line.eot]
[www.harrisonlocks.com/assets/front/harrison/fonts/et-lined41dd41dd41d.eot]
[www.harrisonlocks.com/assets/front/harrison/fonts/et-line.woff]
[www.harrisonlocks.com/assets/front/harrison/fonts/et-line.ttf]
[www.harrisonlocks.com/assets/front/harrison/fonts/icomoonca27ca27ca27.eot]
[www.harrisonlocks.com/assets/front/harrison/fonts/icomoond41dd41dd41d.eot]
[www.harrisonlocks.com/assets/front/harrison/fonts/icomoonca27ca27ca27.woff]
[www.harrisonlocks.com/assets/front/harrison/fonts/icomoonca27ca27ca27.ttf]
[www.harrisonlocks.com/assets/front/harrison/fonts/icomoon-solid358935893589.eot]
[www.harrisonlocks.com/assets/front/harrison/fonts/icomoon-solidd41dd41dd41d.eot]
[www.harrisonlocks.com/assets/front/harrison/fonts/icomoon-solid358935893589.woff]
[www.harrisonlocks.com/assets/front/harrison/fonts/icomoon-solid358935893589.ttf]
[www.harrisonlocks.com/assets/front/harrison/fonts/icomoon-solid358935893589.html]
[www.harrisonlocks.com/assets/front/harrison/fonts/feathere8abe8abe8ab.eot]
[www.harrisonlocks.com/assets/front/harrison/fonts/feathere8abe8abe8ab.woff]
[www.harrisonlocks.com/assets/front/harrison/fonts/feathere8abe8abe8ab.ttf]
[www.harrisonlocks.com/assets/front/harrison/css/font-icons.min.css]
[www.harrisonlocks.com/assets/front/harrison/css/mCSB_buttons.png]
[www.harrisonlocks.com/assets/front/harrison/css/theme-vendors.min.css]
[www.harrisonlocks.com/assets/front/harrison/css/style.css]
[www.harrisonlocks.com/assets/front/harrison/css/responsive.css]
[www.harrisonlocks.com/assets/harrison/images/page-title-bg-03.jpg]
[www.harrisonlocks.com/assets/harrison/images/what-we-offers-02.jpg]
[www.harrisonlocks.com/assets/harrison/images/what-we-offers-04.jpg]
[www.harrisonlocks.com/assets/harrison/images/what-we-offers-06.jpg]
[www.harrisonlocks.com/assets/harrison/images/what-we-offers-05.jpg]
[www.harrisonlocks.com/assets/harrison/images/home-marketing-agency-bg-img-05.jpg]
[www.harrisonlocks.com/assets/harrison/images/umang-monga.png]
[www.harrisonlocks.com/assets/harrison/images/ceo-img.png]
[www.harrisonlocks.com/assets/harrison/images/clients/delhi-metro-rail-corporation-logo.jpg]
[www.harrisonlocks.com/assets/harrison/images/clients/nbcc-logo.jpg]
[www.harrisonlocks.com/assets/harrison/images/clients/dlf.jpg]
[www.harrisonlocks.com/assets/harrison/images/clients/aace.jpg]
[www.harrisonlocks.com/assets/harrison/images/clients/harvest-gold.jpg]
[www.harrisonlocks.com/assets/harrison/images/clients/fci.jpg]
[www.harrisonlocks.com/assets/harrison/images/clients/hyper-city.jpg]
[www.harrisonlocks.com/assets/harrison/images/clients/tdi-creating.jpg]
[www.harrisonlocks.com/assets/harrison/images/clients/gaurs.jpg]
[www.harrisonlocks.com/assets/harrison/images/clients/walmart.jpg]
[www.harrisonlocks.com/corporate-overview.html]
[www.harrisonlocks.com/assets/harrison/images/who-we-are-image-1.png]
[www.harrisonlocks.com/assets/harrison/images/our-process-02.jpg]
[www.harrisonlocks.com/mission-vision.html]
[www.harrisonlocks.com/assets/harrison/images/clients/the-lalit.jpg]
[www.harrisonlocks.com/assets/harrison/images/clients/meridien.jpg]
[www.harrisonlocks.com/assets/harrison/images/clients/zeetv.jpg]
[www.harrisonlocks.com/assets/harrison/images/clients/tcs-logo.jpg]
[www.harrisonlocks.com/assets/harrison/images/clients/tata-power-logo.jpg]
[www.harrisonlocks.com/assets/harrison/images/clients/paramount-logo.jpg]
[www.harrisonlocks.com/assets/harrison/images/clients/shipra-logo.jpg]
[www.harrisonlocks.com/assets/harrison/images/clients/grand-hyatt-logo.jpg]
[www.harrisonlocks.com/assets/harrison/images/clients/moserbaer-logo.jpg]
[www.harrisonlocks.com/assets/harrison/images/clients/siemens-logo.jpg]
[www.harrisonlocks.com/assets/harrison/images/clients/institute-chartered-logo.jpg]
[www.harrisonlocks.com/assets/harrison/images/clients/irctc-logo.jpg]
[www.harrisonlocks.com/assets/harrison/images/clients/cel-logo.jpg]
[www.harrisonlocks.com/assets/harrison/images/clients/ntpc-logo.jpg]
[www.harrisonlocks.com/assets/harrison/images/clients/logo.jpg]
[www.harrisonlocks.com/assets/harrison/images/clients/spice-logo.jpg]
[www.harrisonlocks.com/assets/harrison/images/clients/patanjali-logo.jpg]
[www.harrisonlocks.com/assets/harrison/images/clients/aditya-logo.jpg]
[www.harrisonlocks.com/assets/harrison/images/clients/vaishno-devi-logo.jpg]
[www.harrisonlocks.com/assets/harrison/images/clients/pacific-logo.jpg]
[www.harrisonlocks.com/assets/harrison/images/clients/dabur-logo.jpg]
[www.harrisonlocks.com/assets/harrison/images/clients/logo1.jpg]
[www.harrisonlocks.com/assets/harrison/images/clients/gammon-logo.jpg]
[www.harrisonlocks.com/assets/harrison/images/clients/mapsko-logo.jpg]
[www.harrisonlocks.com/assets/harrison/images/clients/wipro-logo.jpg]
[www.harrisonlocks.com/assets/harrison/images/clients/gardenla-logo.jpg]
[www.harrisonlocks.com/assets/harrison/images/clients/bhel-logo.jpg]
[www.harrisonlocks.com/assets/harrison/images/clients/hindustan-logo.jpg]
[www.harrisonlocks.com/assets/harrison/images/clients/ansal-logo.jpg]
[www.harrisonlocks.com/assets/harrison/images/clients/banbaxy-logo.jpg]
[www.harrisonlocks.com/assets/harrison/images/clients/parsvnath-logo.jpg]
[www.harrisonlocks.com/assets/harrison/images/clients/steel-logo.jpg]
[www.harrisonlocks.com/assets/harrison/images/clients/ndpl-logo.jpg]
[www.harrisonlocks.com/assets/harrison/images/clients/reliance-logo.jpg]
[www.harrisonlocks.com/assets/harrison/images/clients/avj-logo.jpg]
[www.harrisonlocks.com/assets/harrison/images/clients/unitech-logo.jpg]
[www.harrisonlocks.com/assets/harrison/images/clients/cushman-logo.jpg]
[www.harrisonlocks.com/assets/harrison/images/clients/bharat-electronics-logo.jpg]
[www.harrisonlocks.com/assets/harrison/images/clients/m3m-logo.jpg]
[www.harrisonlocks.com/assets/harrison/images/clients/alltel-logo.jpg]
[www.harrisonlocks.com/assets/harrison/images/clients/gulshan-logo.jpg]
[www.harrisonlocks.com/assets/harrison/images/clients/unity-logo.jpg]
[www.harrisonlocks.com/assets/harrison/images/clients/ramprastha-logo.jpg]
[www.harrisonlocks.com/assets/harrison/images/clients/harvest-logo.jpg]
[www.harrisonlocks.com/assets/harrison/images/clients/bses-logo.jpg]
[www.harrisonlocks.com/our-client.html]
[www.harrisonlocks.com/assets/images/timeline-img.jpg]
[cdnjs.cloudflare.com/ajax/libs/jquery/3.6.1/jquery.min.js]
[www.harrisonlocks.com/assets/front/harrison/js/timeline.js]
[www.harrisonlocks.com/milestones.html]
[www.harrisonlocks.com/assets/harrison/images/awards/Icon-of-the-year-2015-for-Locks--Security-Solutions.png]
[www.harrisonlocks.com/assets/harrison/images/awards/Global-Quality-Awards-2016-for-Best-Quality-Standards-in-Lock-&-Security-Solutions.png]
[www.harrisonlocks.com/assets/harrison/images/awards/Indian-of-the-year-2017-for-Emerging-Kitchen-Hardware-Brand-of-the-Year.png]
[www.harrisonlocks.com/assets/harrison/images/awards/Times-Business-Award-2019-for-Most-Trusted-Brand-in-Locks-&-Hardware-Solution.png]
[www.harrisonlocks.com/assets/harrison/images/awards/Most-Promising-brand-award-2015-for-most-promising-brand-of-the-year-in-locks-&-hardware-solution.png]
[www.harrisonlocks.com/assets/harrison/images/awards/Most-Trusted-Brand-in-Asia-2017-for-young-enterepreneur-of-the-year-in-locks-security-solution.png]
[www.harrisonlocks.com/assets/harrison/images/awards/Bada-Business-2017-for-token-of-appreciation-in-locks-security-solution.png]
[www.harrisonlocks.com/assets/harrison/images/awards/being-a-part-of-wbr-corp-uk-limiteds-2021-for-on-being-a-part-of-wbr-corp-uk-limiteds-45-under-45-india-edition-felicitation-2021.png]
[www.harrisonlocks.com/assets/harrison/images/awards/25-of-dealers-most-entrepreneurs-2017-for-most-entrepreneurs-2017-locks-hardware-solution.png]
[www.harrisonlocks.com/assets/harrison/images/awards/bricks-to-home-achievers-club-security.png]
[cdnjs.cloudflare.com/ajax/libs/vue/2.0.1/vue.min.js]
[www.harrisonlocks.com/assets/front/harrison/js/parallax-effect.js]
[www.harrisonlocks.com/awards.html]
[www.harrisonlocks.com/assets/harrison/images/our-services-01.jpg]
[www.google.com/recaptcha/apid41d.js]
[www.harrisonlocks.com/assets/harrison/images/avtar27.jpg]
[www.harrisonlocks.com/assets/harrison/images/avtar28.jpg]
[www.harrisonlocks.com/assets/harrison/images/avtar29.jpg]
[www.harrisonlocks.com/become-a-dealer.html]
[www.harrisonlocks.com/architect-and-designer-connect.html]
[www.harrisonlocks.com/become-a-associate.html]
[www.harrisonlocks.com/assets/harrison/images/gallery/hblf-exhibition1.jpg]
[www.harrisonlocks.com/assets/harrison/images/gallery/hblf-exhibition2.jpg]
[www.harrisonlocks.com/assets/harrison/images/gallery/hblf-exhibition3.jpg]
[www.harrisonlocks.com/assets/harrison/images/gallery/hblf-exhibition4.jpg]
[www.harrisonlocks.com/assets/harrison/images/gallery/hblf-exhibition5.jpg]
[www.harrisonlocks.com/assets/harrison/images/gallery/hblf-exhibition6.jpg]
[www.harrisonlocks.com/assets/harrison/images/gallery/hblf-exhibition7.jpg]
[www.harrisonlocks.com/assets/harrison/images/gallery/hblf-exhibition8.jpg]
[www.harrisonlocks.com/assets/harrison/images/gallery/manthans1.jpg]
[www.harrisonlocks.com/assets/harrison/images/gallery/manthans2.jpg]
[www.harrisonlocks.com/assets/harrison/images/gallery/manthans3.jpg]
[www.harrisonlocks.com/assets/harrison/images/gallery/manthans4.jpg]
[www.harrisonlocks.com/assets/harrison/images/gallery/manthans5.jpg]
[www.harrisonlocks.com/assets/harrison/images/gallery/manthans6.jpg]
[www.harrisonlocks.com/assets/harrison/images/gallery/manthans7.jpg]
[www.harrisonlocks.com/assets/harrison/images/gallery/manthans8.jpg]
[www.harrisonlocks.com/assets/harrison/images/gallery/elite1.jpg]
[www.harrisonlocks.com/assets/harrison/images/gallery/elite2.jpg]
[www.harrisonlocks.com/gallery.html]
[www.harrisonlocks.com/assets/harrison/videos/video_1.mp4]
[www.harrisonlocks.com/assets/harrison/videos/vid2.mp4]
[www.harrisonlocks.com/videos.html]
[www.harrisonlocks.com/blog-masonry.html]
[www.harrisonlocks.com/assets/images/1638791990Untitled-1.html]
[www.harrisonlocks.com/contact.html]
[www.harrisonlocks.com/career.html]
[www.harrisonlocks.com/privacy-policy.html]
[www.harrisonlocks.com/disclaimer.html]
[www.harrisonlocks.com/terms-and-conditions.html]
[www.harrisonlocks.com/refund-and-cancellation-policy.html]
[www.harrisonlocks.com/shipping-policy.html]
[www.harrisonlocks.com/assets/front/fonts/fa-brands-400.html]
[www.harrisonlocks.com/assets/front/fonts/fa-brands-400d41d.html]
[www.harrisonlocks.com/assets/front/fonts/fa-brands-401.html]
[www.harrisonlocks.com/assets/front/fonts/fa-brands-402.html]
[www.harrisonlocks.com/assets/front/fonts/fa-brands-403.html]
[www.harrisonlocks.com/assets/front/fonts/fa-brands-404.html]
[www.harrisonlocks.com/assets/front/fonts/fa-light-300.html]
[www.harrisonlocks.com/assets/front/fonts/fa-light-300d41d.html]
[www.harrisonlocks.com/assets/front/fonts/fa-light-301.html]
[www.harrisonlocks.com/assets/front/fonts/fa-light-302.html]
[www.harrisonlocks.com/assets/front/fonts/fa-light-303.html]
[www.harrisonlocks.com/assets/front/fonts/fa-light-304.html]
[www.harrisonlocks.com/assets/front/fonts/fa-regular-400.html]
[www.harrisonlocks.com/assets/front/fonts/fa-regular-400d41d.html]
[www.harrisonlocks.com/assets/front/fonts/fa-regular-401.html]
[www.harrisonlocks.com/assets/front/fonts/fa-regular-402.html]
[www.harrisonlocks.com/assets/front/fonts/fa-regular-403.html]
[www.harrisonlocks.com/assets/front/fonts/fa-regular-404.html]
[www.harrisonlocks.com/assets/front/fonts/fa-solid-900.html]
[www.harrisonlocks.com/assets/front/fonts/fa-solid-900d41d.html]
[www.harrisonlocks.com/assets/front/fonts/fa-solid-901.html]
[www.harrisonlocks.com/assets/front/fonts/fa-solid-902.html]
[www.harrisonlocks.com/assets/front/fonts/fa-solid-903.html]
[www.harrisonlocks.com/assets/front/fonts/fa-solid-904.html]
[www.harrisonlocks.com/assets/front/fonts/feather.html]
[www.harrisonlocks.com/assets/front/fonts/featherd41d.html]
[www.harrisonlocks.com/assets/front/fonts/feather-2.html]
[www.harrisonlocks.com/assets/front/fonts/feather-3.html]
[www.harrisonlocks.com/assets/front/fonts/feather-4.html]
[www.harrisonlocks.com/assets/front/fonts/Pe-icon-7-strokebb1d.html]
[www.harrisonlocks.com/assets/front/fonts/Pe-icon-7-stroked41d.html]
[www.harrisonlocks.com/assets/front/fonts/Pe-icon-7-strokebb1d-2.html]
[www.harrisonlocks.com/assets/front/fonts/Pe-icon-7-strokebb1d-3.html]
[www.harrisonlocks.com/assets/front/fonts/Pe-icon-7-strokebb1d-4.html]
[www.harrisonlocks.com/assets/images/default-skin.html]
[www.harrisonlocks.com/assets/images/default-skin-2.html]
[www.harrisonlocks.com/assets/images/preloader.html]
[www.harrisonlocks.com/assets/front/harrison/fonts/fa-brands-400.html]
[www.harrisonlocks.com/assets/front/harrison/fonts/fa-brands-400.svg]
[www.harrisonlocks.com/assets/front/harrison/fonts/fa-regular-400.html]
[www.harrisonlocks.com/assets/front/harrison/fonts/fa-regular-400.svg]
[www.harrisonlocks.com/assets/front/harrison/fonts/fa-solid-900.html]
[www.harrisonlocks.com/assets/front/harrison/fonts/fa-solid-900.svg]
[www.harrisonlocks.com/assets/front/harrison/fonts/themify9f249f249f24.svg]
[www.harrisonlocks.com/assets/front/harrison/fonts/Simple-Line-Icons.svg]
[www.harrisonlocks.com/assets/front/harrison/fonts/et-line.svg]
[www.harrisonlocks.com/assets/front/harrison/fonts/icomoonca27ca27ca27.svg]
[maxcdn.bootstrapcdn.com/bootstrap/3.3.7/css/bootstrap.min.css]
[www.google-analytics.com/analytics.js]
[www.harrisonlocks.com/assets/front/harrison/fonts/icomoon-solid358935893589.html]
[www.harrisonlocks.com/assets/front/harrison/fonts/feathere8abe8abe8ab.svg]
[www.harrisonlocks.com/assets/front/harrison/css/images/ui-icons_444444_256x240.html]
[www.harrisonlocks.com/assets/front/harrison/css/images/ui-icons_555555_256x240.html]
[www.harrisonlocks.com/assets/front/harrison/css/images/ui-icons_ffffff_256x240.html]
[www.harrisonlocks.com/assets/front/harrison/css/images/ui-icons_777620_256x240.html]
[www.harrisonlocks.com/assets/front/harrison/css/images/ui-icons_cc0000_256x240.html]
[www.harrisonlocks.com/assets/front/harrison/css/images/ui-icons_777777_256x240.html]
[www.harrisonlocks.com/assets/front/harrison/images/down-arrow.html]
[www.harrisonlocks.com/assets/front/harrison/images/mfg-close.html]
[www.harrisonlocks.com/assets/front/harrison/images/icon-move-light.html]
[www.harrisonlocks.com/assets/front/harrison/images/vertical-icon-move-light.html]
[www.harrisonlocks.com/assets/front/harrison/images/vertical-icon-move-black.html]
[www.harrisonlocks.com/assets/front/harrison/images/mission-left-bg.html]
[www.harrisonlocks.com/assets/front/harrison/images/mission-right-bg.html]
[www.harrisonlocks.com/assets/harrison/images/home-marketing-agency-img-02.html]
[www.harrisonlocks.com/our-client-2.html]
[www.harrisonlocks.com/images/our-process-01.html]
[www.harrisonlocks.com/coming-soon.html]
[www.harrisonlocks.com/privacy.html]
[www.harrisonlocks.com/become-a-dealer/index.html]
[www.harrisonlocks.com/_https_/www.harrisonlocks.com/assets/harrison/images/home-finance-service-bg.html]
[www.harrisonlocks.com/htdocs_error/style.html]
[maxcdn.bootstrapcdn.com/bootstrap/3.3.7/css/bootstrap.min.css]
[www.harrisonlocks.com/htdocs_error/something-lost.html]
